Starting a Gradle Daemon, 1 busy Daemon could not be reused, use --status for details
> Task :app:preBuild UP-TO-DATE
> Task :app:preDebugBuild UP-TO-DATE
> Task :app:checkKotlinGradlePluginConfigurationErrors SKIPPED
> Task :app:dataBindingMergeDependencyArtifactsDebug UP-TO-DATE
> Task :app:generateDebugResValues UP-TO-DATE
> Task :app:generateDebugResources UP-TO-DATE
> Task :app:mergeDebugResources UP-TO-DATE
> Task :app:packageDebugResources UP-TO-DATE
> Task :app:parseDebugLocalResources UP-TO-DATE
> Task :app:dataBindingGenBaseClassesDebug UP-TO-DATE
> Task :app:generateDebugBuildConfig UP-TO-DATE
> Task :app:checkDebugAarMetadata UP-TO-DATE
> Task :app:mapDebugSourceSetPaths UP-TO-DATE
> Task :app:createDebugCompatibleScreenManifests UP-TO-DATE
> Task :app:extractDeepLinksDebug UP-TO-DATE
> Task :app:processDebugMainManifest UP-TO-DATE
> Task :app:processDebugManifest UP-TO-DATE
> Task :app:processDebugManifestForPackage UP-TO-DATE
> Task :app:processDebugResources UP-TO-DATE
> Task :app:kspDebugKotlin UP-TO-DATE
> Task :app:compileDebugKotlin UP-TO-DATE
> Task :app:javaPreCompileDebug UP-TO-DATE
> Task :app:compileDebugJavaWithJavac UP-TO-DATE
> Task :app:hiltAggregateDepsDebug UP-TO-DATE
> Task :app:hiltJavaCompileDebug UP-TO-DATE
> Task :app:preDebugUnitTestBuild UP-TO-DATE
> Task :app:processDebugJavaRes
> Task :app:bundleDebugClassesToCompileJar UP-TO-DATE
> Task :app:kspDebugUnitTestKotlin NO-SOURCE
> Task :app:compileDebugUnitTestKotlin NO-SOURCE
> Task :app:preReleaseBuild UP-TO-DATE
> Task :app:javaPreCompileDebugUnitTest
> Task :app:buildKotlinToolingMetadata
> Task :app:compileDebugUnitTestJavaWithJavac NO-SOURCE
> Task :app:transformDebugClassesWithAsm
> Task :app:dataBindingMergeDependencyArtifactsRelease
> Task :app:generateReleaseResValues
> Task :app:generateReleaseResources
> Task :app:bundleDebugClassesToRuntimeJar
> Task :app:packageReleaseResources
> Task :app:mergeReleaseResources
> Task :app:hiltAggregateDepsDebugUnitTest
> Task :app:generateReleaseBuildConfig
> Task :app:hiltJavaCompileDebugUnitTest NO-SOURCE
> Task :app:processDebugUnitTestJavaRes NO-SOURCE
> Task :app:parseReleaseLocalResources
> Task :app:transformDebugUnitTestClassesWithAsm
> Task :app:dataBindingGenBaseClassesRelease
> Task :app:testDebugUnitTest NO-SOURCE
> Task :app:checkReleaseAarMetadata
> Task :app:mapReleaseSourceSetPaths
> Task :app:createReleaseCompatibleScreenManifests
> Task :app:extractDeepLinksRelease
> Task :app:processReleaseMainManifest
> Task :app:processReleaseManifest
> Task :app:preReleaseUnitTestBuild UP-TO-DATE
> Task :app:javaPreCompileRelease
> Task :app:processReleaseManifestForPackage
> Task :app:javaPreCompileReleaseUnitTest
> Task :app:processReleaseResources
> Task :app:kspReleaseKotlin

> Task :app:compileReleaseKotlin
w: file:///app/app/src/main/java/io/github/jqssun/gpssetter/ui/BaseMapActivity.kt:120:24 'fun launchWhenCreated(block: suspend CoroutineScope.() -> Unit): Job' is deprecated. launchWhenCreated is deprecated as it can lead to wasted resources in some cases. Replace with suspending repeatOnLifecycle to run the block whenever the Lifecycle state is at least Lifecycle.State.CREATED.
w: file:///app/app/src/main/java/io/github/jqssun/gpssetter/ui/BaseMapActivity.kt:178:27 'fun setDrawerListener(p0: DrawerLayout.DrawerListener!): Unit' is deprecated. Deprecated in Java.
w: file:///app/app/src/main/java/io/github/jqssun/gpssetter/ui/BaseMapActivity.kt:184:40 'val systemWindowInsetTop: Int' is deprecated. Deprecated in Java.
w: file:///app/app/src/main/java/io/github/jqssun/gpssetter/ui/BaseMapActivity.kt:185:43 'val systemWindowInsetBottom: Int' is deprecated. Deprecated in Java.
w: file:///app/app/src/main/java/io/github/jqssun/gpssetter/ui/BaseMapActivity.kt:187:20 'fun consumeSystemWindowInsets(): WindowInsets' is deprecated. Deprecated in Java.
w: file:///app/app/src/main/java/io/github/jqssun/gpssetter/ui/BaseMapActivity.kt:338:24 'fun launchWhenResumed(block: suspend CoroutineScope.() -> Unit): Job' is deprecated. launchWhenResumed is deprecated as it can lead to wasted resources in some cases. Replace with suspending repeatOnLifecycle to run the block whenever the Lifecycle state is at least Lifecycle.State.RESUMED.
w: file:///app/app/src/main/java/io/github/jqssun/gpssetter/ui/BaseMapActivity.kt:413:60 'fun getFromLocationName(p0: String, p1: Int): (Mutable)List<Address!>?' is deprecated. Deprecated in Java.
w: file:///app/app/src/main/java/io/github/jqssun/gpssetter/ui/BaseMapActivity.kt:454:40 'fun getFromLocation(p0: Double, p1: Double, p2: Int): (Mutable)List<Address!>?' is deprecated. Deprecated in Java.
w: file:///app/app/src/main/java/io/github/jqssun/gpssetter/ui/BaseMapActivity.kt:522:32 'constructor(): LocationRequest' is deprecated. Deprecated in Java.
w: file:///app/app/src/main/java/io/github/jqssun/gpssetter/ui/BaseMapActivity.kt:523:26 'var priority: Int' is deprecated. Deprecated in Java.
w: file:///app/app/src/main/java/io/github/jqssun/gpssetter/ui/BaseMapActivity.kt:523:53 'static field PRIORITY_HIGH_ACCURACY: Int' is deprecated. Deprecated in Java.
w: file:///app/app/src/main/java/io/github/jqssun/gpssetter/ui/BaseMapActivity.kt:524:26 'var interval: Long' is deprecated. Deprecated in Java.
w: file:///app/app/src/main/java/io/github/jqssun/gpssetter/ui/BaseMapActivity.kt:525:26 'var fastestInterval: Long' is deprecated. Deprecated in Java.
w: file:///app/app/src/main/java/io/github/jqssun/gpssetter/ui/BaseMapActivity.kt:526:26 'var numUpdates: Int' is deprecated. Deprecated in Java.
w: file:///app/app/src/main/java/io/github/jqssun/gpssetter/ui/SettingsActivity.kt:174:37 'fun getRunningServices(p0: Int): (Mutable)List<ActivityManager.RunningServiceInfo!>!' is deprecated. Deprecated in Java.
w: file:///app/app/src/main/java/io/github/jqssun/gpssetter/ui/viewmodel/MainViewModel.kt:243:20 Condition is always 'false'.
w: file:///app/app/src/main/java/io/github/jqssun/gpssetter/update/UpdateChecker.kt:80:5 Parcelize annotations from package 'kotlinx.android.parcel' are deprecated. Change package to 'kotlinx.parcelize'.
w: file:///app/app/src/main/java/io/github/jqssun/gpssetter/utils/PrefManager.kt:35:25 'static field MODE_WORLD_READABLE: Int' is deprecated. Deprecated in Java.
w: file:///app/app/src/main/java/io/github/jqssun/gpssetter/utils/ext/Ext+LatLng.kt:14:52 'fun getFromLocation(p0: Double, p1: Double, p2: Int): (Mutable)List<Address!>?' is deprecated. Deprecated in Java.

> Task :app:compileReleaseJavaWithJavac
> Task :app:hiltAggregateDepsRelease
> Task :app:hiltJavaCompileRelease
> Task :app:processReleaseJavaRes
> Task :app:bundleReleaseClassesToCompileJar
> Task :app:kspReleaseUnitTestKotlin NO-SOURCE
> Task :app:compileReleaseUnitTestKotlin NO-SOURCE
> Task :app:compileReleaseUnitTestJavaWithJavac NO-SOURCE
> Task :app:transformReleaseClassesWithAsm
> Task :app:bundleReleaseClassesToRuntimeJar
> Task :app:hiltAggregateDepsReleaseUnitTest
> Task :app:hiltJavaCompileReleaseUnitTest NO-SOURCE
> Task :app:processReleaseUnitTestJavaRes NO-SOURCE
> Task :app:transformReleaseUnitTestClassesWithAsm
> Task :app:testReleaseUnitTest NO-SOURCE
> Task :app:test UP-TO-DATE

Deprecated Gradle features were used in this build, making it incompatible with Gradle 9.0.

You can use '--warning-mode all' to show the individual deprecation warnings and determine if they come from your own scripts or plugins.

For more on this, please refer to https://docs.gradle.org/8.9/userguide/command_line_interface.html#sec:command_line_warnings in the Gradle documentation.

BUILD SUCCESSFUL in 1m 16s
59 actionable tasks: 36 executed, 23 up-to-date
